should set values properly:
  1: |
    kubernetes.io/ingress.class: nginx
  2: |
    null
  3: |
    rules:
    - http:
        paths:
        - backend:
            service:
              name: release-xwiki
              port:
                number: 80
          path: /
          pathType: ImplementationSpecific
  4: |
    ports:
    - name: tcp
      port: 80
      protocol: TCP
      targetPort: 8080
    selector:
      app: release-xwiki
    sessionAffinity: ClientIP
    type: ClusterIP
